This is pdfTeX, Version 3.141592653-2.6-1.40.29 (TeX Live 2026) (preloaded format=pdflatex 2026.10.3)  4 OCT 2026 00:11
entering extended mode
 restricted \write18 enabled.
 %&-line parsing enabled.
**main.tex
(./main.tex
LaTeX2e <2025-11-01>
L3 programming layer <2026-01-19>
(/usr/local/texlive/2026basic/texmf-dist/tex/latex/base/article.cls
Document Class: article 2025/01/22 v1.4n Standard LaTeX document class
(/usr/local/texlive/2026basic/texmf-dist/tex/latex/base/size11.clo
File: size11.clo 2025/01/22 v1.4n Standard LaTeX file (size option)
)
\c@part=\count275
\c@section=\count276
\c@subsection=\count277
\c@subsubsection=\count278
\c@paragraph=\count279
\c@subparagraph=\count280
\c@figure=\count281
\c@table=\count282
\abovecaptionskip=\skip49
\belowcaptionskip=\skip50
\bibindent=\dimen148
)
(/usr/local/texlive/2026basic/texmf-dist/tex/latex/geometry/geometry.sty
Package: geometry 2020/01/02 v5.9 Page Geometry

(/usr/local/texlive/2026basic/texmf-dist/tex/latex/graphics/keyval.sty
Package: keyval 2022/05/29 v1.15 key=value parser (DPC)
\KV@toks@=\toks17
)
(/usr/local/texlive/2026basic/texmf-dist/tex/generic/iftex/ifvtex.sty
Package: ifvtex 2019/10/25 v1.7 ifvtex legacy package. Use iftex instead.

(/usr/local/texlive/2026basic/texmf-dist/tex/generic/iftex/iftex.sty
Package: iftex 2024/12/12 v1.0g TeX engine tests
))
\Gm@cnth=\count283
\Gm@cntv=\count284
\c@Gm@tempcnt=\count285
\Gm@bindingoffset=\dimen149
\Gm@wd@mp=\dimen150
\Gm@odd@mp=\dimen151
\Gm@even@mp=\dimen152
\Gm@layoutwidth=\dimen153
\Gm@layoutheight=\dimen154
\Gm@layouthoffset=\dimen155
\Gm@layoutvoffset=\dimen156
\Gm@dimlist=\toks18
)
(/usr/local/texlive/2026basic/texmf-dist/tex/latex/base/fontenc.sty
Package: fontenc 2025/07/18 v2.1d Standard LaTeX package
)
(/usr/local/texlive/2026basic/texmf-dist/tex/latex/base/inputenc.sty
Package: inputenc 2024/02/08 v1.3d Input encoding file
\inpenc@prehook=\toks19
\inpenc@posthook=\toks20
)
(/usr/local/texlive/2026basic/texmf-dist/tex/latex/psnfss/charter.sty
Package: charter 2020/03/25 PSNFSS-v9.3 (P.Dyballa) 
)
(/usr/local/texlive/2026basic/texmf-dist/tex/latex/fontawesome5/fontawesome5.st
y (/usr/local/texlive/2026basic/texmf-dist/tex/latex/l3kernel/expl3.sty
Package: expl3 2026-01-19 L3 programming layer (loader) 

(/usr/local/texlive/2026basic/texmf-dist/tex/latex/l3backend/l3backend-pdftex.d
ef
File: l3backend-pdftex.def 2025-10-09 L3 backend support: PDF output (pdfTeX)
\l__color_backend_stack_int=\count286
))
Package: fontawesome5 2022/05/02 v5.15.4 Font Awesome 5

(/usr/local/texlive/2026basic/texmf-dist/tex/latex/l3packages/l3keys2e/l3keys2e
.sty
Package: l3keys2e 2025-10-09 LaTeX2e option processing using LaTeX3 keys
)
(/usr/local/texlive/2026basic/texmf-dist/tex/latex/l3packages/xparse/xparse.sty
Package: xparse 2025-10-09 L3 Experimental document command parser
)
(/usr/local/texlive/2026basic/texmf-dist/tex/latex/fontawesome5/fontawesome5-ge
neric-helper.sty
Package: fontawesome5-generic-helper 2022/05/02 v5.15.4 non-uTeX helper for fon
tawesome5

(/usr/local/texlive/2026basic/texmf-dist/tex/latex/fontawesome5/fontawesome5-ma
pping.def)))
(/usr/local/texlive/2026basic/texmf-dist/tex/latex/graphics/graphicx.sty
Package: graphicx 2024/12/31 v1.2e Enhanced LaTeX Graphics (DPC,SPQR)

(/usr/local/texlive/2026basic/texmf-dist/tex/latex/graphics/graphics.sty
Package: graphics 2024/08/06 v1.4g Standard LaTeX Graphics (DPC,SPQR)

(/usr/local/texlive/2026basic/texmf-dist/tex/latex/graphics/trig.sty
Package: trig 2023/12/02 v1.11 sin cos tan (DPC)
)
(/usr/local/texlive/2026basic/texmf-dist/tex/latex/graphics-cfg/graphics.cfg
File: graphics.cfg 2016/06/04 v1.11 sample graphics configuration
)
Package graphics Info: Driver file: pdftex.def on input line 106.

(/usr/local/texlive/2026basic/texmf-dist/tex/latex/graphics-def/pdftex.def
File: pdftex.def 2025/09/29 v1.2d Graphics/color driver for pdftex
))
\Gin@req@height=\dimen157
\Gin@req@width=\dimen158
)
(/usr/local/texlive/2026basic/texmf-dist/tex/latex/enumitem/enumitem.sty
Package: enumitem 2025/02/06 v3.11 Customized lists
\labelindent=\skip51
\enit@outerparindent=\dimen159
\enit@toks=\toks21
\enit@inbox=\box53
\enit@count@id=\count287
\enitdp@description=\count288
)
(/usr/local/texlive/2026basic/texmf-dist/tex/latex/hyperref/hyperref.sty
Package: hyperref 2026-01-29 v7.01p Hypertext links for LaTeX

(/usr/local/texlive/2026basic/texmf-dist/tex/latex/kvsetkeys/kvsetkeys.sty
Package: kvsetkeys 2022-10-05 v1.19 Key value parser (HO)
)
(/usr/local/texlive/2026basic/texmf-dist/tex/generic/kvdefinekeys/kvdefinekeys.
sty
Package: kvdefinekeys 2019-12-19 v1.6 Define keys (HO)
)
(/usr/local/texlive/2026basic/texmf-dist/tex/generic/pdfescape/pdfescape.sty
Package: pdfescape 2019/12/09 v1.15 Implements pdfTeX's escape features (HO)

(/usr/local/texlive/2026basic/texmf-dist/tex/generic/ltxcmds/ltxcmds.sty
Package: ltxcmds 2023-12-04 v1.26 LaTeX kernel commands for general use (HO)
)
(/usr/local/texlive/2026basic/texmf-dist/tex/generic/pdftexcmds/pdftexcmds.sty
Package: pdftexcmds 2020-06-27 v0.33 Utility functions of pdfTeX for LuaTeX (HO
)

(/usr/local/texlive/2026basic/texmf-dist/tex/generic/infwarerr/infwarerr.sty
Package: infwarerr 2019/12/03 v1.5 Providing info/warning/error messages (HO)
)
Package pdftexcmds Info: \pdf@primitive is available.
Package pdftexcmds Info: \pdf@ifprimitive is available.
Package pdftexcmds Info: \pdfdraftmode found.
)) (/usr/local/texlive/2026basic/texmf-dist/tex/latex/hycolor/hycolor.sty
Package: hycolor 2020-01-27 v1.10 Color options for hyperref/bookmark (HO)
)
(/usr/local/texlive/2026basic/texmf-dist/tex/latex/hyperref/nameref.sty
Package: nameref 2026-01-29 v2.58 Cross-referencing by name of section

(/usr/local/texlive/2026basic/texmf-dist/tex/latex/refcount/refcount.sty
Package: refcount 2019/12/15 v3.6 Data extraction from label references (HO)
)
(/usr/local/texlive/2026basic/texmf-dist/tex/generic/gettitlestring/gettitlestr
ing.sty
Package: gettitlestring 2019/12/15 v1.6 Cleanup title references (HO)

(/usr/local/texlive/2026basic/texmf-dist/tex/latex/kvoptions/kvoptions.sty
Package: kvoptions 2022-06-15 v3.15 Key value format for package options (HO)
))
\c@section@level=\count289
)
(/usr/local/texlive/2026basic/texmf-dist/tex/latex/etoolbox/etoolbox.sty
Package: etoolbox 2025/10/02 v2.5m e-TeX tools for LaTeX (JAW)
\etb@tempcnta=\count290
)
(/usr/local/texlive/2026basic/texmf-dist/tex/generic/stringenc/stringenc.sty
Package: stringenc 2019/11/29 v1.12 Convert strings between diff. encodings (HO
)
)
\@linkdim=\dimen160
\Hy@linkcounter=\count291
\Hy@pagecounter=\count292

(/usr/local/texlive/2026basic/texmf-dist/tex/latex/hyperref/pd1enc.def
File: pd1enc.def 2026-01-29 v7.01p Hyperref: PDFDocEncoding definition (HO)
Now handling font encoding PD1 ...
... no UTF-8 mapping file for font encoding PD1
)
(/usr/local/texlive/2026basic/texmf-dist/tex/generic/intcalc/intcalc.sty
Package: intcalc 2019/12/15 v1.3 Expandable calculations with integers (HO)
)
\Hy@SavedSpaceFactor=\count293

(/usr/local/texlive/2026basic/texmf-dist/tex/latex/hyperref/puenc.def
File: puenc.def 2026-01-29 v7.01p Hyperref: PDF Unicode definition (HO)
Now handling font encoding PU ...
... no UTF-8 mapping file for font encoding PU
)
Package hyperref Info: Hyper figures OFF on input line 4201.
Package hyperref Info: Link nesting OFF on input line 4206.
Package hyperref Info: Hyper index ON on input line 4209.
Package hyperref Info: Plain pages OFF on input line 4216.
Package hyperref Info: Backreferencing OFF on input line 4221.
Package hyperref Info: Implicit mode ON; LaTeX internals redefined.
Package hyperref Info: Bookmarks ON on input line 4468.
\c@Hy@tempcnt=\count294

(/usr/local/texlive/2026basic/texmf-dist/tex/latex/url/url.sty
\Urlmuskip=\muskip17
Package: url 2013/09/16  ver 3.4  Verb mode for urls, etc.
)
LaTeX Info: Redefining \url on input line 4807.
\XeTeXLinkMargin=\dimen161

(/usr/local/texlive/2026basic/texmf-dist/tex/generic/bitset/bitset.sty
Package: bitset 2019/12/09 v1.3 Handle bit-vector datatype (HO)

(/usr/local/texlive/2026basic/texmf-dist/tex/generic/bigintcalc/bigintcalc.sty
Package: bigintcalc 2019/12/15 v1.5 Expandable calculations on big integers (HO
)
))
\Fld@menulength=\count295
\Field@Width=\dimen162
\Fld@charsize=\dimen163
Package hyperref Info: Hyper figures OFF on input line 6084.
Package hyperref Info: Link nesting OFF on input line 6089.
Package hyperref Info: Hyper index ON on input line 6092.
Package hyperref Info: backreferencing OFF on input line 6099.
Package hyperref Info: Link coloring OFF on input line 6104.
Package hyperref Info: Link coloring with OCG OFF on input line 6109.
Package hyperref Info: PDF/A mode OFF on input line 6114.
\Hy@abspage=\count296
\c@Item=\count297
\c@Hfootnote=\count298
)
Package hyperref Info: Driver (autodetected): hpdftex.
 (/usr/local/texlive/2026basic/texmf-dist/tex/latex/hyperref/hpdftex.def
File: hpdftex.def 2026-01-29 v7.01p Hyperref driver for pdfTeX
\Fld@listcount=\count299
\c@bookmark@seq@number=\count300

(/usr/local/texlive/2026basic/texmf-dist/tex/latex/rerunfilecheck/rerunfilechec
k.sty
Package: rerunfilecheck 2025-06-21 v1.11 Rerun checks for auxiliary files (HO)

(/usr/local/texlive/2026basic/texmf-dist/tex/generic/uniquecounter/uniquecounte
r.sty
Package: uniquecounter 2019/12/15 v1.4 Provide unlimited unique counter (HO)
)
Package uniquecounter Info: New unique counter `rerunfilecheck' on input line 2
84.
)
\Hy@SectionHShift=\skip52
)
(/usr/local/texlive/2026basic/texmf-dist/tex/latex/ragged2e/ragged2e.sty
Package: ragged2e 2023/06/22 v3.6 ragged2e Package
\CenteringLeftskip=\skip53
\RaggedLeftLeftskip=\skip54
\RaggedRightLeftskip=\skip55
\CenteringRightskip=\skip56
\RaggedLeftRightskip=\skip57
\RaggedRightRightskip=\skip58
\CenteringParfillskip=\skip59
\RaggedLeftParfillskip=\skip60
\RaggedRightParfillskip=\skip61
\JustifyingParfillskip=\skip62
\CenteringParindent=\skip63
\RaggedLeftParindent=\skip64
\RaggedRightParindent=\skip65
\JustifyingParindent=\skip66
)
LaTeX Font Info:    Trying to load font information for T1+bch on input line 78
.

(/usr/local/texlive/2026basic/texmf-dist/tex/latex/psnfss/t1bch.fd
File: t1bch.fd 2004/10/18 font definitions for T1/bch.
) (./main.aux)
\openout1 = `main.aux'.

LaTeX Font Info:    Checking defaults for OML/cmm/m/it on input line 78.
LaTeX Font Info:    ... okay on input line 78.
LaTeX Font Info:    Checking defaults for OMS/cmsy/m/n on input line 78.
LaTeX Font Info:    ... okay on input line 78.
LaTeX Font Info:    Checking defaults for OT1/cmr/m/n on input line 78.
LaTeX Font Info:    ... okay on input line 78.
LaTeX Font Info:    Checking defaults for T1/cmr/m/n on input line 78.
LaTeX Font Info:    ... okay on input line 78.
LaTeX Font Info:    Checking defaults for TS1/cmr/m/n on input line 78.
LaTeX Font Info:    ... okay on input line 78.
LaTeX Font Info:    Checking defaults for OMX/cmex/m/n on input line 78.
LaTeX Font Info:    ... okay on input line 78.
LaTeX Font Info:    Checking defaults for U/cmr/m/n on input line 78.
LaTeX Font Info:    ... okay on input line 78.
LaTeX Font Info:    Checking defaults for PD1/pdf/m/n on input line 78.
LaTeX Font Info:    ... okay on input line 78.
LaTeX Font Info:    Checking defaults for PU/pdf/m/n on input line 78.
LaTeX Font Info:    ... okay on input line 78.

*geometry* driver: auto-detecting
*geometry* detected driver: pdftex
*geometry* verbose mode - [ preamble ] result:
* driver: pdftex
* paper: a4paper
* layout: <same size as paper>
* layoutoffset:(h,v)=(0.0pt,0.0pt)
* modes: 
* h-part:(L,W,R)=(43.36243pt, 510.78302pt, 43.36243pt)
* v-part:(T,H,B)=(43.36243pt, 758.32199pt, 43.36243pt)
* \paperwidth=597.50787pt
* \paperheight=845.04684pt
* \textwidth=510.78302pt
* \textheight=758.32199pt
* \oddsidemargin=-28.90756pt
* \evensidemargin=-28.90756pt
* \topmargin=-65.90756pt
* \headheight=12.0pt
* \headsep=25.0pt
* \topskip=11.0pt
* \footskip=30.0pt
* \marginparwidth=50.0pt
* \marginparsep=10.0pt
* \columnsep=10.0pt
* \skip\footins=10.0pt plus 4.0pt minus 2.0pt
* \hoffset=0.0pt
* \voffset=0.0pt
* \mag=1000
* \@twocolumnfalse
* \@twosidefalse
* \@mparswitchfalse
* \@reversemarginfalse
* (1in=72.27pt=25.4mm, 1cm=28.453pt)

(/usr/local/texlive/2026basic/texmf-dist/tex/context/base/mkii/supp-pdf.mkii
[Loading MPS to PDF converter (version 2006.09.02).]
\scratchcounter=\count301
\scratchdimen=\dimen164
\scratchbox=\box54
\nofMPsegments=\count302
\nofMParguments=\count303
\everyMPshowfont=\toks22
\MPscratchCnt=\count304
\MPscratchDim=\dimen165
\MPnumerator=\count305
\makeMPintoPDFobject=\count306
\everyMPtoPDFconversion=\toks23
)
(/usr/local/texlive/2026basic/texmf-dist/tex/latex/epstopdf-pkg/epstopdf-base.s
ty
Package: epstopdf-base 2020-01-24 v2.11 Base part for package epstopdf
Package epstopdf-base Info: Redefining graphics rule for `.eps' on input line 4
85.

(/usr/local/texlive/2026basic/texmf-dist/tex/latex/latexconfig/epstopdf-sys.cfg
File: epstopdf-sys.cfg 2010/07/13 v1.3 Configuration of (r)epstopdf for TeX Liv
e
))
Package hyperref Info: Link coloring OFF on input line 78.
 (./main.out) (./main.out)
\@outlinefile=\write3
\openout3 = `main.out'.

LaTeX Font Info:    Trying to load font information for U+fontawesomefree2 on i
nput line 86.

(/usr/local/texlive/2026basic/texmf-dist/tex/latex/fontawesome5/ufontawesomefre
e2.fd)
LaTeX Font Info:    Trying to load font information for U+fontawesomefree1 on i
nput line 87.

(/usr/local/texlive/2026basic/texmf-dist/tex/latex/fontawesome5/ufontawesomefre
e1.fd)
LaTeX Font Info:    Trying to load font information for U+fontawesomebrands0 on
 input line 89.

(/usr/local/texlive/2026basic/texmf-dist/tex/latex/fontawesome5/ufontawesomebra
nds0.fd)
LaTeX Font Info:    Font shape `U/fontawesomebrands0/solid/n' in size <10> not 
available
(Font)              Font shape `U/fontawesomebrands0/regular/n' tried instead o
n input line 89.
LaTeX Font Info:    Trying to load font information for TS1+bch on input line 1
19.
 (/usr/local/texlive/2026basic/texmf-dist/tex/latex/psnfss/ts1bch.fd
File: ts1bch.fd 2004/10/18 font definitions for TS1/bch.
)
[1

{/usr/local/texlive/2026basic/texmf-var/fonts/map/pdftex/updmap/pdftex.map}{/us
r/local/texlive/2026basic/texmf-dist/fonts/enc/dvips/base/8r.enc}{/usr/local/te
xlive/2026basic/texmf-dist/fonts/enc/dvips/fontawesome5/fa5free2.enc}{/usr/loca
l/texlive/2026basic/texmf-dist/fonts/enc/dvips/fontawesome5/fa5free1.enc}{/usr/
local/texlive/2026basic/texmf-dist/fonts/enc/dvips/fontawesome5/fa5brands0.enc}
] [2]
<images/badge_ceh.png, id=24, 353.32pt x 353.32pt>
File: images/badge_ceh.png Graphic file (type png)
<use images/badge_ceh.png>
Package pdftex.def Info: images/badge_ceh.png  used on input line 274.
(pdftex.def)             Requested size: 61.42758pt x 61.42758pt.
LaTeX Font Info:    External font `cmex10' loaded for size
(Font)              <10.95> on input line 274.
LaTeX Font Info:    External font `cmex10' loaded for size
(Font)              <8> on input line 274.
LaTeX Font Info:    External font `cmex10' loaded for size
(Font)              <6> on input line 274.
<images/badge_aa_advanced.png, id=26, 410.53375pt x 447.6725pt>
File: images/badge_aa_advanced.png Graphic file (type png)
<use images/badge_aa_advanced.png>
Package pdftex.def Info: images/badge_aa_advanced.png  used on input line 282.
(pdftex.def)             Requested size: 56.32797pt x 61.42366pt.
<images/badge_aa_essentials.png, id=28, 402.50375pt x 437.635pt>
File: images/badge_aa_essentials.png Graphic file (type png)
<use images/badge_aa_essentials.png>
Package pdftex.def Info: images/badge_aa_essentials.png  used on input line 290
.
(pdftex.def)             Requested size: 56.49753pt x 61.42874pt.
<images/badge_fortinet_associate.png, id=30, 200.75pt x 200.75pt>
File: images/badge_fortinet_associate.png Graphic file (type png)
<use images/badge_fortinet_associate.png>
Package pdftex.def Info: images/badge_fortinet_associate.png  used on input lin
e 298.
(pdftex.def)             Requested size: 61.42929pt x 61.42929pt.
<images/badge_fortigate_operator.png, id=33, 200.75pt x 200.75pt>
File: images/badge_fortigate_operator.png Graphic file (type png)
<use images/badge_fortigate_operator.png>
Package pdftex.def Info: images/badge_fortigate_operator.png  used on input lin
e 306.
(pdftex.def)             Requested size: 61.42929pt x 61.42929pt.
 [3 <./images/badge_ceh.png (PNG copy)> <./images/badge_aa_advanced.png (PNG co
py)> <./images/badge_aa_essentials.png (PNG copy)> <./images/badge_fortinet_ass
ociate.png> <./images/badge_fortigate_operator.png>]
<images/badge_redis.png, id=42, 200.75pt x 200.75pt>
File: images/badge_redis.png Graphic file (type png)
<use images/badge_redis.png>
Package pdftex.def Info: images/badge_redis.png  used on input line 318.
(pdftex.def)             Requested size: 61.42929pt x 61.42929pt.
<images/badge_redhat.png, id=43, 204.765pt x 204.765pt>
File: images/badge_redhat.png Graphic file (type png)
<use images/badge_redhat.png>
Package pdftex.def Info: images/badge_redhat.png  used on input line 326.
(pdftex.def)             Requested size: 61.42996pt x 61.42996pt.
<images/badge_aws_cloud_practitioner.png, id=45, 204.765pt x 204.765pt>
File: images/badge_aws_cloud_practitioner.png Graphic file (type png)
<use images/badge_aws_cloud_practitioner.png>
Package pdftex.def Info: images/badge_aws_cloud_practitioner.png  used on input
 line 334.
(pdftex.def)             Requested size: 61.42996pt x 61.42996pt.
<images/badge_ccna.png, id=47, 204.765pt x 204.765pt>
File: images/badge_ccna.png Graphic file (type png)
<use images/badge_ccna.png>
Package pdftex.def Info: images/badge_ccna.png  used on input line 342.
(pdftex.def)             Requested size: 61.42996pt x 61.42996pt.
<images/badge_aws_genai.png, id=49, 204.765pt x 204.765pt>
File: images/badge_aws_genai.png Graphic file (type png)
<use images/badge_aws_genai.png>
Package pdftex.def Info: images/badge_aws_genai.png  used on input line 350.
(pdftex.def)             Requested size: 61.42996pt x 61.42996pt.
<images/badge_oracle_foundations.jpg, id=51, 415.5525pt x 207.77625pt>
File: images/badge_oracle_foundations.jpg Graphic file (type jpg)
<use images/badge_oracle_foundations.jpg>
Package pdftex.def Info: images/badge_oracle_foundations.jpg  used on input lin
e 358.
(pdftex.def)             Requested size: 66.40099pt x 33.20049pt.
<images/badge_oracle_ai.jpg, id=52, 415.5525pt x 207.77625pt>
File: images/badge_oracle_ai.jpg Graphic file (type jpg)
<use images/badge_oracle_ai.jpg>
Package pdftex.def Info: images/badge_oracle_ai.jpg  used on input line 366.
(pdftex.def)             Requested size: 66.40099pt x 33.20049pt.
<images/badge_aws_security.png, id=53, 204.765pt x 204.765pt>
File: images/badge_aws_security.png Graphic file (type png)
<use images/badge_aws_security.png>
Package pdftex.def Info: images/badge_aws_security.png  used on input line 374.

(pdftex.def)             Requested size: 61.42996pt x 61.42996pt.
<images/badge_lifelong_learning.png, id=55, 204.765pt x 204.765pt>
File: images/badge_lifelong_learning.png Graphic file (type png)
<use images/badge_lifelong_learning.png>
Package pdftex.def Info: images/badge_lifelong_learning.png  used on input line
 382.
(pdftex.def)             Requested size: 61.42996pt x 61.42996pt.
<images/badge_google_cloud.png, id=57, 204.765pt x 204.765pt>
File: images/badge_google_cloud.png Graphic file (type png)
<use images/badge_google_cloud.png>
Package pdftex.def Info: images/badge_google_cloud.png  used on input line 390.

(pdftex.def)             Requested size: 61.42996pt x 61.42996pt.
<images/badge_postman.png, id=59, 292.09125pt x 292.09125pt>
File: images/badge_postman.png Graphic file (type png)
<use images/badge_postman.png>
Package pdftex.def Info: images/badge_postman.png  used on input line 398.
(pdftex.def)             Requested size: 61.42564pt x 61.42564pt.
 [4 <./images/badge_redis.png> <./images/badge_redhat.png> <./images/badge_aws_
cloud_practitioner.png> <./images/badge_ccna.png> <./images/badge_aws_genai.png
> <./images/badge_oracle_foundations.jpg> <./images/badge_oracle_ai.jpg> <./ima
ges/badge_aws_security.png> <./images/badge_lifelong_learning.png> <./images/ba
dge_google_cloud.png> <./images/badge_postman.png (PNG copy)>]
LaTeX Font Info:    Font shape `U/fontawesomebrands0/solid/n' in size <10.95> n
ot available
(Font)              Font shape `U/fontawesomebrands0/regular/n' tried instead o
n input line 409.
 [5] (./main.aux)
 ***********
LaTeX2e <2025-11-01>
L3 programming layer <2026-01-19>
 ***********
Package rerunfilecheck Info: File `main.out' has not changed.
(rerunfilecheck)             Checksum: D41D8CD98F00B204E9800998ECF8427E;0.
 ) 
Here is how much of TeX's memory you used:
 12909 strings out of 469006
 224809 string characters out of 5454813
 618230 words of memory out of 5000000
 41464 multiletter control sequences out of 15000+600000
 656497 words of font info for 72 fonts, out of 8000000 for 9000
 319 hyphenation exceptions out of 8191
 75i,6n,79p,332b,443s stack positions out of 10000i,1000n,20000p,200000b,200000s
 </Users/manas/Desktop/cv/.texmf-var/fonts/pk/ljfour/jknappen/ec/ectt1000.600
pk> </Users/manas/Desktop/cv/.texmf-var/fonts/pk/ljfour/jknappen/ec/ectt0800.60
0pk></usr/local/texlive/2026basic/texmf-dist/fonts/type1/public/fontawesome5/Fo
ntAwesome5Brands-Regular.pfb></usr/local/texlive/2026basic/texmf-dist/fonts/typ
e1/public/fontawesome5/FontAwesome5Free-Solid.pfb></usr/local/texlive/2026basic
/texmf-dist/fonts/type1/bitstrea/charter/bchb8a.pfb></usr/local/texlive/2026bas
ic/texmf-dist/fonts/type1/bitstrea/charter/bchr8a.pfb></usr/local/texlive/2026b
asic/texmf-dist/fonts/type1/bitstrea/charter/bchri8a.pfb>
Output written on main.pdf (5 pages, 705321 bytes).
PDF statistics:
 220 PDF objects out of 1000 (max. 8388607)
 88 compressed objects within 1 object stream
 6 named destinations out of 1000 (max. 500000)
 81 words of extra memory for PDF output out of 10000 (max. 10000000)

